Found json={}
Found json={}
Found json=[]
Found json=[]
Found json={"1" : 1, "1" : "2"}
Found json={"1": 1}
